// Jest Snapshot v1, https://goo.gl/fbAQLP

exports[`Movie component Correctly renders 1`] = `
<article
  className="small-movie-card catalog__movies-card"
  onMouseEnter={[Function]}
  onMouseOut={[Function]}
>
  <div
    className="small-movie-card__image"
  >
    <video
      height="175"
      muted={true}
      poster="img/what-we-do-in-the-shadows.jpg"
      width="280"
    >
      <source
        src="https://download.blender.org/durian/trailer/sintel_trailer-480p.mp4"
        type="video/mp4"
      />
    </video>
  </div>
  <h3
    className="small-movie-card__title"
  >
    <a
      className="small-movie-card__link"
      href="movie-page.html"
    >
      What We Do in the Shadows
    </a>
  </h3>
</article>
`;
